( Keyword:fun ( ) Number:1 )
( Keyword:fun ( ) String:12 )
( Keyword:fun ( Symbol:a Symbol:b ) Number:2 )
( Keyword:fun ( Symbol:cc Symbol:dddd ) Number:1 )
( Keyword:fun ( Symbol:a Symbol:b ) ( Keyword:if Number:1 Number:2 Number:3 ) )
( Keyword:fun ( Symbol:a Symbol:b ) ( Keyword:let Symbol:c ( Keyword:if Number:1 Number:2 Number:3 ) ) )
( ( Keyword:fun ( Symbol:a ) Symbol:a ) Number:1 )